<?xml version="1.0" encoding="UTF-8"?>
<testsuites name="jest tests" tests="1" failures="0" errors="0" time="2.901">
  <testsuite name="test" errors="0" failures="0" skipped="0" timestamp="2021-07-02T13:59:55" time="2.573" tests="1">
    <testcase classname="test test1" name="test test1" time="0.004">
    </testcase>
  </testsuite>
</testsuites>